test_empty_order (test_existing.ExistingTests) ... ok
test_empty_preview (test_existing.ExistingTests) ... ok
test_invalid_line (test_existing.ExistingTests) ... ok
test_legacy_subtotal (test_existing.ExistingTests) ... ok
test_old_preview (test_existing.ExistingTests) ... ok
test_repeat_is_cached (test_existing.ExistingTests) ... ERROR
test_successful_order (test_existing.ExistingTests) ... ok
test_decline_unchanged_then_retry_succeeds_once (test_member_checkout.AtomicCheckoutTests) ... FAIL
test_empty_order_raises (test_member_checkout.AtomicCheckoutTests) ... ok
test_insufficient_stock_unchanged (test_member_checkout.AtomicCheckoutTests) ... ok
test_repeated_sku_stock_combined (test_member_checkout.AtomicCheckoutTests) ... ok
test_unexpected_charge_error_releases_stock (test_member_checkout.AtomicCheckoutTests) ... ok
test_validation_failure_unchanged (test_member_checkout.AtomicCheckoutTests) ... ok
test_default_and_false_charge_undiscounted (test_member_checkout.MemberCheckoutTests) ... ok
test_member_charge_equals_preview_total (test_member_checkout.MemberCheckoutTests) ... ok
test_member_charges_v2_policy (test_member_checkout.MemberCheckoutTests) ... ok
test_receipt_type_and_export_format (test_member_checkout.MemberCheckoutTests) ... ok
test_repeat_member_receipt_not_replaced_by_non_member_repeat (test_member_checkout.MemberCheckoutTests) ... FAIL
test_repeat_returns_original_receipt_despite_different_input (test_member_checkout.MemberCheckoutTests) ... ERROR
test_existing_receipts_never_rewritten (test_member_checkout.PreserveTests) ... ok
test_gross_totals_unaffected_by_member_orders (test_member_checkout.PreserveTests) ... ok
test_prices_unchanged (test_member_checkout.PreserveTests) ... ok
test_default_and_explicit_false_are_undiscounted (test_member_preview.MemberPreviewTests) ... ok
test_empty_preview_all_zero (test_member_preview.MemberPreviewTests) ... ok
test_invalid_lines_still_raise (test_member_preview.MemberPreviewTests) ... ok
test_member_cap_per_order (test_member_preview.MemberPreviewTests) ... ok
test_member_fifteen_percent (test_member_preview.MemberPreviewTests) ... ok
test_member_floor_to_integer_cents (test_member_preview.MemberPreviewTests) ... ok
test_repeated_sku_counts_normally (test_member_preview.MemberPreviewTests) ... ok
test_three_keys_and_total_relation (test_member_preview.MemberPreviewTests) ... ok
test_gross_totals_unaffected_by_member_preview (test_member_preview.PreserveWithPreviewTests) ... ok

======================================================================
ERROR: test_repeat_is_cached (test_existing.ExistingTests)
----------------------------------------------------------------------
Traceback (most recent call last):
  File "/private/tmp/featrace-storeflow-0534-8306iq4r/project/tests/test_existing.py", line 28, in test_repeat_is_cached
    self.assertIs(shop.place_order("same",[("book",1)]),r)
  File "/private/tmp/featrace-storeflow-0534-8306iq4r/project/src/storeflow/checkout.py", line 12, in place_order
    self.inventory.reserve(lines)
  File "/private/tmp/featrace-storeflow-0534-8306iq4r/project/src/storeflow/inventory.py", line 8, in reserve
    raise ValueError("insufficient stock")
ValueError: insufficient stock

======================================================================
ERROR: test_repeat_returns_original_receipt_despite_different_input (test_member_checkout.MemberCheckoutTests)
----------------------------------------------------------------------
Traceback (most recent call last):
  File "/private/tmp/featrace-storeflow-0534-8306iq4r/project/tests/test_member_checkout.py", line 56, in test_repeat_returns_original_receipt_despite_different_input
    self.assertIs(shop.place_order("same",lines,member=member),r)
  File "/private/tmp/featrace-storeflow-0534-8306iq4r/project/src/storeflow/checkout.py", line 12, in place_order
    self.inventory.reserve(lines)
  File "/private/tmp/featrace-storeflow-0534-8306iq4r/project/src/storeflow/inventory.py", line 8, in reserve
    raise ValueError("insufficient stock")
ValueError: insufficient stock

======================================================================
FAIL: test_decline_unchanged_then_retry_succeeds_once (test_member_checkout.AtomicCheckoutTests)
----------------------------------------------------------------------
Traceback (most recent call last):
  File "/private/tmp/featrace-storeflow-0534-8306iq4r/project/tests/test_member_checkout.py", line 102, in test_decline_unchanged_then_retry_succeeds_once
    self.assertEqual(inv.stock["book"],1);self.assertEqual(ledger.charge_count,1)
AssertionError: 0 != 1

======================================================================
FAIL: test_repeat_member_receipt_not_replaced_by_non_member_repeat (test_member_checkout.MemberCheckoutTests)
----------------------------------------------------------------------
Traceback (most recent call last):
  File "/private/tmp/featrace-storeflow-0534-8306iq4r/project/tests/test_member_checkout.py", line 63, in test_repeat_member_receipt_not_replaced_by_non_member_repeat
    self.assertEqual(r.paid_cents,4250);self.assertEqual(ledger.charge_count,1);self.assertEqual(inv.stock["book"],2)
AssertionError: 1 != 2

----------------------------------------------------------------------
Ran 31 tests in 0.002s

FAILED (failures=2, errors=2)
